[friendkit.cssninja.io/index.html]
[backblue.gif]
[fade.gif]
[index.html]
[friendkit.cssninja.io/assets/img/favicon.png]
[friendkit.cssninja.io/assets/css/bulma.css]
[friendkit.cssninja.io/assets/css/app.css]
[friendkit.cssninja.io/assets/css/core.css]
[friendkit.cssninja.io/login.html]
[friendkit.cssninja.io/signup.html]
[friendkit.cssninja.io/assets/img/screens/friendkit-feed.png]
[friendkit.cssninja.io/assets/img/illustrations/ui/components-block.png]
[friendkit.cssninja.io/assets/img/illustrations/ui/layouts.png]
[friendkit.cssninja.io/feed.html]
[friendkit.cssninja.io/feed-v1b.html]
[friendkit.cssninja.io/feed-posts-double.html]
[friendkit.cssninja.io/feed-posts-triple.html]
[friendkit.cssninja.io/feed-profile.html]
[friendkit.cssninja.io/feed-slider.html]
[friendkit.cssninja.io/stories-main.html]
[friendkit.cssninja.io/login-minimal.html]
[friendkit.cssninja.io/stories-story.html]
[friendkit.cssninja.io/profile-minimal.html]
[friendkit.cssninja.io/profile-main.html]
[friendkit.cssninja.io/profile-about.html]
[friendkit.cssninja.io/profile-friends.html]
[friendkit.cssninja.io/profile-photos.html]
[friendkit.cssninja.io/ecommerce-products.html]
[friendkit.cssninja.io/ecommerce-cart.html]
[friendkit.cssninja.io/ecommerce-checkout.html]
[friendkit.cssninja.io/ecommerce-payment.html]
[friendkit.cssninja.io/options-friends.html]
[friendkit.cssninja.io/messages-inbox.html]
[friendkit.cssninja.io/messages-chat.html]
[friendkit.cssninja.io/pages-main.html]
[friendkit.cssninja.io/pages-about.html]
[friendkit.cssninja.io/pages-community.html]
[friendkit.cssninja.io/pages-photos.html]
[friendkit.cssninja.io/videos-home.html]
[friendkit.cssninja.io/videos-home-v2.html]
[friendkit.cssninja.io/videos-player.html]
[friendkit.cssninja.io/questions-home.html]
[friendkit.cssninja.io/questions-categories.html]
[friendkit.cssninja.io/questions-single.html]
[friendkit.cssninja.io/questions-stats.html]
[friendkit.cssninja.io/questions-settings.html]
[friendkit.cssninja.io/events.html]
[friendkit.cssninja.io/event.html]
[friendkit.cssninja.io/news.html]
[friendkit.cssninja.io/options-settings.html]
[friendkit.cssninja.io/placeholders-feed.html]
[friendkit.cssninja.io/placeholders-questions-1.html]
[friendkit.cssninja.io/placeholders-questions-2.html]
[friendkit.cssninja.io/placeholders-questions-3.html]
[friendkit.cssninja.io/elements.html]
[friendkit.cssninja.io/assets/data/tipuedrop_content.js]
[friendkit.cssninja.io/assets/js/global.js]
[friendkit.cssninja.io/assets/js/app.js]
[friendkit.cssninja.io/assets/js/main.js]
[friendkit.cssninja.io/assets/js/landing.js]
[friendkit.cssninja.io/assets/js/tour.js]
[friendkit.cssninja.io/index.html]
[friendkit.cssninja.io/assets/css/bulma.css]
[friendkit.cssninja.io/assets/img/sprite-green.png]
[friendkit.cssninja.io/assets/fonts/materialdesignicons-webfont3b9f.eot]
[friendkit.cssninja.io/assets/fonts/materialdesignicons-webfontd41d.eot]
[friendkit.cssninja.io/assets/fonts/materialdesignicons-webfont3b9f.woff]
[friendkit.cssninja.io/assets/fonts/materialdesignicons-webfont3b9f.ttf]
[friendkit.cssninja.io/assets/css/app.css]
[cdn.thedesigninspiration.com/wp-content/uploads/2014/07/Icon-Pattern-l.jpg]
[friendkit.cssninja.io/assets/css/core.css]
[friendkit.cssninja.io/assets/img/logo/friendkit-bold.svg]
[friendkit.cssninja.io/login.html]
[friendkit.cssninja.io/assets/js/signup.js]
[friendkit.cssninja.io/signup.html]
[friendkit.cssninja.io/assets/img/logo/friendkit.svg]
[friendkit.cssninja.io/assets/img/logo/friendkit-white.svg]
[friendkit.cssninja.io/assets/img/illustrations/characters/friends.svg]
[friendkit.cssninja.io/assets/img/icons/logos/bulma.svg]
[friendkit.cssninja.io/assets/img/icons/logos/gulp.svg]
[friendkit.cssninja.io/assets/img/icons/logos/sass.svg]
[friendkit.cssninja.io/assets/img/icons/logos/html5.svg]
[friendkit.cssninja.io/assets/img/icons/landing/code.svg]
[friendkit.cssninja.io/assets/img/icons/landing/pages.svg]
[friendkit.cssninja.io/assets/img/icons/landing/draw.svg]
[friendkit.cssninja.io/assets/img/icons/landing/interactions.svg]
[friendkit.cssninja.io/assets/img/icons/landing/responsive.svg]
[friendkit.cssninja.io/assets/img/icons/landing/updates.svg]
[friendkit.cssninja.io/assets/img/icons/landing/modern.svg]
[friendkit.cssninja.io/assets/img/icons/landing/elements.svg]
[friendkit.cssninja.io/assets/img/icons/landing/illustrations.svg]
[friendkit.cssninja.io/assets/img/icons/landing/support.svg]
[friendkit.cssninja.io/assets/img/icons/landing/plugin.svg]
[friendkit.cssninja.io/assets/img/icons/landing/docs.svg]
[friendkit.cssninja.io/assets/img/illustrations/ui/layouts.svg]
[friendkit.cssninja.io/assets/img/illustrations/ui/responsive.svg]
[cdn.jsdelivr.net/npm/fontisto@v3.0.4/css/fontisto/fontisto-brands.min.css]
[friendkit.cssninja.io/assets/img/demo/unsplash/1.jpg]
[friendkit.cssninja.io/assets/img/demo/unsplash/2.jpg]
[friendkit.cssninja.io/assets/img/demo/unsplash/3.jpg]
[friendkit.cssninja.io/assets/img/demo/unsplash/4.jpg]
[friendkit.cssninja.io/assets/img/demo/unsplash/5.jpg]
[friendkit.cssninja.io/assets/img/demo/unsplash/6.jpg]
[friendkit.cssninja.io/assets/img/demo/unsplash/7.jpg]
[friendkit.cssninja.io/assets/js/feed.js]
[friendkit.cssninja.io/assets/js/stories.js]
[friendkit.cssninja.io/assets/js/chat.js]
[friendkit.cssninja.io/assets/js/inbox.js]
[friendkit.cssninja.io/assets/js/profile.js]
[friendkit.cssninja.io/assets/js/friends.js]
[friendkit.cssninja.io/assets/js/events.js]
[friendkit.cssninja.io/assets/js/explorer.js]
[friendkit.cssninja.io/assets/js/news.js]
[friendkit.cssninja.io/assets/js/questions.js]
[friendkit.cssninja.io/assets/js/videos.js]
[friendkit.cssninja.io/assets/js/shop.js]
[friendkit.cssninja.io/assets/js/settings.js]
[friendkit.cssninja.io/assets/js/widgets.js]
[friendkit.cssninja.io/assets/js/autocompletes.js]
[friendkit.cssninja.io/assets/js/modal-uploader.js]
[friendkit.cssninja.io/assets/js/popovers-users.js]
[friendkit.cssninja.io/assets/js/popovers-pages.js]
[friendkit.cssninja.io/assets/js/go-live.js]
[friendkit.cssninja.io/assets/js/lightbox.js]
[friendkit.cssninja.io/assets/js/touch.js]
[friendkit.cssninja.io/feed.html]
[friendkit.cssninja.io/feed-v1b.html]
[friendkit.cssninja.io/feed-posts-double.html]
[friendkit.cssninja.io/feed-posts-triple.html]
[friendkit.cssninja.io/feed-profile.html]
[friendkit.cssninja.io/feed-slider.html]
[cdn.dribbble.com/users/17914/screenshots/4902225/video-placeholder_1x.png]
[cdn.dribbble.com/users/17001/screenshots/5899975/dribbble_11_1x.png]
[friendkit.cssninja.io/stories-main.html]
[friendkit.cssninja.io/stories-story.html]
[friendkit.cssninja.io/login-minimal.html]
[friendkit.cssninja.io/profile-minimal.html]
[friendkit.cssninja.io/assets/img/demo/unsplash/8.jpg]
[friendkit.cssninja.io/assets/img/demo/video/source/dress.mp4]
[friendkit.cssninja.io/assets/img/demo/video/source/dress.webm]
[friendkit.cssninja.io/assets/img/demo/video/source/dress.ogg]
[friendkit.cssninja.io/assets/img/demo/unsplash/9.jpg]
[friendkit.cssninja.io/assets/img/demo/unsplash/10.jpg]
[friendkit.cssninja.io/assets/img/demo/unsplash/11.jpg]
[friendkit.cssninja.io/assets/img/demo/unsplash/12.jpg]
[friendkit.cssninja.io/assets/img/demo/unsplash/13.jpg]
[friendkit.cssninja.io/assets/img/demo/unsplash/16.jpg]
[friendkit.cssninja.io/assets/img/demo/unsplash/14.jpg]
[friendkit.cssninja.io/assets/img/demo/unsplash/15.jpg]
[friendkit.cssninja.io/profile-main.html]
[friendkit.cssninja.io/assets/img/demo/unsplash/popovers/pages/brent.jpg]
[friendkit.cssninja.io/assets/img/demo/unsplash/popovers/pages/drop.jpg]
[friendkit.cssninja.io/assets/img/demo/unsplash/popovers/pages/quick-fashion.jpg]
[friendkit.cssninja.io/assets/img/demo/unsplash/popovers/pages/slicer.jpg]
[friendkit.cssninja.io/assets/img/demo/unsplash/popovers/pages/cssninja.png]
[friendkit.cssninja.io/assets/img/demo/unsplash/popovers/pages/lipflow.jpg]
[friendkit.cssninja.io/assets/img/demo/unsplash/popovers/pages/imdb.jpg]
[friendkit.cssninja.io/assets/img/demo/unsplash/popovers/pages/nuclearjs.jpg]
[friendkit.cssninja.io/profile-about.html]
[friendkit.cssninja.io/profile-friends.html]
[friendkit.cssninja.io/assets/img/demo/unsplash/17.jpg]
[friendkit.cssninja.io/assets/img/demo/unsplash/24.jpg]
[friendkit.cssninja.io/assets/img/demo/unsplash/20.jpg]
[friendkit.cssninja.io/assets/img/demo/unsplash/23.jpg]
[friendkit.cssninja.io/assets/img/demo/unsplash/21.jpg]
[friendkit.cssninja.io/assets/img/demo/unsplash/28.jpg]
[friendkit.cssninja.io/assets/img/demo/unsplash/35.jpg]
[friendkit.cssninja.io/assets/img/demo/unsplash/37.jpg]
[friendkit.cssninja.io/assets/img/demo/unsplash/32.jpg]
[friendkit.cssninja.io/assets/img/demo/unsplash/18.jpg]
[friendkit.cssninja.io/assets/img/demo/unsplash/19.jpg]
[friendkit.cssninja.io/assets/img/demo/unsplash/38.jpg]
[friendkit.cssninja.io/assets/img/demo/unsplash/22.jpg]
[friendkit.cssninja.io/assets/img/demo/unsplash/27.jpg]
[friendkit.cssninja.io/assets/img/demo/unsplash/34.jpg]
[friendkit.cssninja.io/profile-photos.html]
[friendkit.cssninja.io/ecommerce-products.html]
[friendkit.cssninja.io/ecommerce-cart.html]
[friendkit.cssninja.io/ecommerce-checkout.html]
[friendkit.cssninja.io/ecommerce-payment.html]
[friendkit.cssninja.io/options-friends.html]
[friendkit.cssninja.io/messages-inbox.html]
[friendkit.cssninja.io/messages-chat.html]
[friendkit.cssninja.io/assets/img/demo/pages/posts/2.jpg]
[friendkit.cssninja.io/assets/img/demo/pages/posts/3.jpg]
[friendkit.cssninja.io/assets/img/demo/pages/posts/6.jpg]
[friendkit.cssninja.io/assets/img/demo/pages/posts/5.jpg]
[friendkit.cssninja.io/assets/img/demo/pages/posts/4.jpg]
[friendkit.cssninja.io/assets/img/demo/pages/posts/7.jpg]
[friendkit.cssninja.io/assets/img/demo/pages/posts/8.jpg]
[friendkit.cssninja.io/pages-main.html]
[friendkit.cssninja.io/pages-about.html]
[friendkit.cssninja.io/pages-community.html]
[friendkit.cssninja.io/assets/img/demo/pages/posts/1.jpg]
[friendkit.cssninja.io/assets/img/demo/pages/posts/6-2.jpg]
[friendkit.cssninja.io/assets/img/demo/pages/posts/9.jpg]
[friendkit.cssninja.io/assets/img/demo/pages/posts/10.jpg]
[friendkit.cssninja.io/assets/img/demo/pages/posts/11.jpg]
[friendkit.cssninja.io/assets/img/demo/pages/posts/12.jpg]
[friendkit.cssninja.io/assets/img/demo/pages/posts/13.jpg]
[friendkit.cssninja.io/assets/img/demo/pages/posts/14.jpg]
[friendkit.cssninja.io/assets/img/demo/pages/posts/15.jpg]
[friendkit.cssninja.io/assets/img/demo/pages/posts/16.jpg]
[friendkit.cssninja.io/assets/img/demo/pages/posts/17.jpg]
[friendkit.cssninja.io/assets/img/demo/pages/posts/18.jpg]
[friendkit.cssninja.io/assets/img/demo/pages/posts/19.jpg]
[friendkit.cssninja.io/pages-photos.html]
[friendkit.cssninja.io/videos-home.html]
[friendkit.cssninja.io/videos-home-v2.html]
[friendkit.cssninja.io/videos-player.html]
[friendkit.cssninja.io/questions-home.html]
[friendkit.cssninja.io/questions-categories.html]
[friendkit.cssninja.io/questions-single.html]
[friendkit.cssninja.io/questions-stats.html]
[friendkit.cssninja.io/questions-settings.html]
[friendkit.cssninja.io/events.html]
[cdn.futura-sciences.com/buildsv6/images/largeoriginal/f/6/2/f621f61ff6_50038379_codeqr-futura.jpg]
[friendkit.cssninja.io/event.html]
[friendkit.cssninja.io/assets/img/demo/news/bg6.jpg]
[friendkit.cssninja.io/assets/img/demo/news/bg2.jpg]
[friendkit.cssninja.io/assets/img/demo/news/bg3.jpg]
[friendkit.cssninja.io/assets/img/demo/news/bg4.jpg]
[friendkit.cssninja.io/assets/img/demo/news/bg5.jpg]
[friendkit.cssninja.io/assets/img/demo/news/bg1.jpg]
[friendkit.cssninja.io/news.html]
[friendkit.cssninja.io/options-settings.html]
[friendkit.cssninja.io/placeholders-feed.html]
[friendkit.cssninja.io/placeholders-questions-1.html]
[friendkit.cssninja.io/placeholders-questions-2.html]
[friendkit.cssninja.io/placeholders-questions-3.html]
[friendkit.cssninja.io/elements.html]
[friendkit.cssninja.io/assets/img/icons/explore/envato.svg]
[friendkit.cssninja.io/assets/img/illustrations/characters/friends2.svg]
[friendkit.cssninja.io/assets/img/loading.html]
[friendkit.cssninja.io/assets/fonts/materialdesignicons-webfont3b9f.html]
[friendkit.cssninja.io/assets/css/fonts/dripicons-v2.html]
[friendkit.cssninja.io/assets/css/fonts/dripicons-v2d41d.html]
[friendkit.cssninja.io/assets/css/fonts/dripicons-v2-2.html]
[friendkit.cssninja.io/assets/css/fonts/dripicons-v2-3.html]
[friendkit.cssninja.io/assets/css/fonts/dripicons-v2-4.html]
[friendkit.cssninja.io/assets/img/illustrations/signup/company.svg]
[friendkit.cssninja.io/assets/img/illustrations/signup/company-dark.svg]
[friendkit.cssninja.io/assets/img/illustrations/signup/public.svg]
[friendkit.cssninja.io/assets/img/illustrations/signup/public-dark.svg]
[friendkit.cssninja.io/assets/img/illustrations/signup/personal.svg]
[friendkit.cssninja.io/assets/img/illustrations/signup/personal-dark.svg]
[friendkit.cssninja.io/assets/img/illustrations/signup/mailbox.svg]
[cdn.jsdelivr.net/npm/fontisto@v3.0.4/css/fontisto/fontisto-brands.min.css]
[friendkit.cssninja.io/assets/img/products/2.svg]
[friendkit.cssninja.io/assets/img/products/3.svg]
[friendkit.cssninja.io/assets/img/products/4.svg]
[friendkit.cssninja.io/assets/img/illustrations/cards/weather-bg.svg]
[friendkit.cssninja.io/assets/img/ads/ninja-ad.svg]
[friendkit.cssninja.io/assets/img/icons/emoji/emoji-1.svg]
[friendkit.cssninja.io/assets/img/icons/video/play.svg]
[friendkit.cssninja.io/assets/img/icons/feed/bubble.svg]
[friendkit.cssninja.io/assets/img/illustrations/cards/birthday-bg.svg]
[friendkit.cssninja.io/assets/img/illustrations/cards/job-bg.svg]
[friendkit.cssninja.io/assets/img/illustrations/cards/albums.svg]
[friendkit.cssninja.io/assets/img/illustrations/cards/upload.svg]
[friendkit.cssninja.io/assets/img/illustrations/cards/videotrip.svg]
[friendkit.cssninja.io/assets/img/illustrations/cards/videocall.svg]
[friendkit.cssninja.io/assets/img/illustrations/characters/no-stream.svg]
[friendkit.cssninja.io/assets/img/icons/chat/bubbles.svg]
[friendkit.cssninja.io/assets/img/icons/explore/clover.svg]
[friendkit.cssninja.io/assets/img/icons/explore/friends.svg]
[friendkit.cssninja.io/assets/img/icons/explore/videos.svg]
[friendkit.cssninja.io/assets/img/icons/explore/tag-euro.svg]
[friendkit.cssninja.io/assets/img/icons/explore/cart.svg]
[friendkit.cssninja.io/assets/img/icons/explore/house.svg]
[friendkit.cssninja.io/assets/img/icons/explore/chrono.svg]
[friendkit.cssninja.io/assets/img/icons/explore/question.svg]
[friendkit.cssninja.io/assets/img/icons/explore/news.svg]
[friendkit.cssninja.io/assets/img/icons/explore/cake.svg]
[friendkit.cssninja.io/assets/img/icons/explore/calendar.svg]
[friendkit.cssninja.io/assets/img/icons/explore/pin.svg]
[friendkit.cssninja.io/assets/img/icons/explore/idea.svg]
[friendkit.cssninja.io/assets/img/icons/explore/settings.svg]
[friendkit.cssninja.io/assets/img/illustrations/stories/video-story.svg]
[friendkit.cssninja.io/assets/img/illustrations/stories/post-story.svg]
[friendkit.cssninja.io/assets/img/illustrations/login/login.svg]
[friendkit.cssninja.io/assets/img/illustrations/login/login-dark.svg]
[friendkit.cssninja.io/assets/img/illustrations/profile/upload-cover.svg]
[friendkit.cssninja.io/assets/img/illustrations/profile/change-cover.svg]
[friendkit.cssninja.io/assets/img/illustrations/profile/change-profile.svg]
[friendkit.cssninja.io/assets/img/illustrations/profile/upload-profile.svg]
[friendkit.cssninja.io/assets/img/illustrations/profile/add-profile.svg]
[friendkit.cssninja.io/assets/js/elements.js]
[friendkit.cssninja.io/assets/img/illustrations/profile/add-cover.svg]
[friendkit.cssninja.io/assets/img/icons/logos/store.svg]
[friendkit.cssninja.io/assets/img/icons/shop/all.svg]
[friendkit.cssninja.io/assets/img/icons/shop/all-dark.svg]
[friendkit.cssninja.io/assets/img/icons/shop/men.svg]
[friendkit.cssninja.io/assets/img/icons/shop/men-dark.svg]
[friendkit.cssninja.io/assets/img/icons/shop/skirt.svg]
[friendkit.cssninja.io/assets/img/icons/shop/skirt-dark.svg]
[friendkit.cssninja.io/assets/img/icons/shop/hat.svg]
[friendkit.cssninja.io/assets/img/icons/shop/hat-dark.svg]
[friendkit.cssninja.io/assets/img/icons/shop/backpack.svg]
[friendkit.cssninja.io/assets/img/icons/shop/backpack-dark.svg]
[friendkit.cssninja.io/assets/img/icons/shop/shoes.svg]
[friendkit.cssninja.io/assets/img/icons/shop/shoes-dark.svg]
[friendkit.cssninja.io/assets/img/icons/shop/clock.svg]
[friendkit.cssninja.io/assets/img/icons/shop/clock-dark.svg]
[friendkit.cssninja.io/assets/img/products/1.svg]
[friendkit.cssninja.io/assets/img/products/5.svg]
[friendkit.cssninja.io/assets/img/products/6.svg]
[friendkit.cssninja.io/assets/img/products/7.svg]
[friendkit.cssninja.io/assets/img/products/8.svg]
[friendkit.cssninja.io/assets/img/products/9.svg]
[friendkit.cssninja.io/assets/img/products/10.svg]
[friendkit.cssninja.io/assets/img/products/11.svg]
[friendkit.cssninja.io/assets/img/products/12.svg]
[friendkit.cssninja.io/assets/img/products/13.svg]
[friendkit.cssninja.io/assets/img/products/14.svg]
[friendkit.cssninja.io/assets/img/products/15.svg]
[friendkit.cssninja.io/assets/img/products/16.svg]
[friendkit.cssninja.io/assets/img/products/17.svg]
[friendkit.cssninja.io/assets/img/products/18.svg]
[friendkit.cssninja.io/assets/img/products/19.svg]
[friendkit.cssninja.io/assets/img/products/20.svg]
[friendkit.cssninja.io/assets/img/products/21.svg]
[friendkit.cssninja.io/assets/img/products/22.svg]
[friendkit.cssninja.io/assets/img/products/23.svg]
[friendkit.cssninja.io/assets/img/products/24.svg]
[friendkit.cssninja.io/assets/img/products/25.svg]
[friendkit.cssninja.io/assets/img/icons/shop/brands/1.svg]
[friendkit.cssninja.io/assets/img/icons/shop/brands/2.svg]
[friendkit.cssninja.io/assets/img/icons/shop/brands/3.svg]
[friendkit.cssninja.io/assets/img/icons/shop/brands/4.svg]
[friendkit.cssninja.io/assets/img/icons/shop/brands/5.svg]
[friendkit.cssninja.io/assets/img/icons/shop/brands/6.svg]
[friendkit.cssninja.io/assets/img/icons/questions/help.svg]
[friendkit.cssninja.io/assets/img/icons/questions/help-dark.svg]
[friendkit.cssninja.io/assets/img/icons/checkout/world-dark.svg]
[friendkit.cssninja.io/assets/img/icons/checkout/ups.svg]
[friendkit.cssninja.io/assets/img/icons/checkout/usps.svg]
[friendkit.cssninja.io/assets/img/icons/questions/cart.svg]
[friendkit.cssninja.io/assets/img/icons/questions/cart-dark.svg]
[friendkit.cssninja.io/assets/img/icons/checkout/world.svg]
[friendkit.cssninja.io/assets/img/icons/friendkit-placeholder.svg]
[friendkit.cssninja.io/assets/img/icons/logos/metamovies.svg]
[friendkit.cssninja.io/assets/img/icons/flags/united-states-of-america.svg]
[friendkit.cssninja.io/assets/img/icons/flags/finland.svg]
[friendkit.cssninja.io/assets/img/icons/flags/united-kingdom.svg]
[friendkit.cssninja.io/assets/img/icons/flags/germany.svg]
[friendkit.cssninja.io/assets/img/icons/flags/canada.svg]
[friendkit.cssninja.io/assets/img/icons/flags/ireland.svg]
[friendkit.cssninja.io/assets/img/icons/flags/australia.svg]
[friendkit.cssninja.io/assets/img/icons/flags/france.svg]
[friendkit.cssninja.io/assets/img/icons/flags/south-africa.svg]
[friendkit.cssninja.io/assets/img/icons/flags/italy.svg]
[friendkit.cssninja.io/assets/img/icons/flags/switzerland.svg]
[friendkit.cssninja.io/assets/img/icons/flags/greece.svg]
[friendkit.cssninja.io/assets/img/icons/flags/senegal.svg]
[friendkit.cssninja.io/assets/img/icons/flags/spain.svg]
[friendkit.cssninja.io/assets/img/icons/flags/japan.svg]
[friendkit.cssninja.io/assets/img/demo/unsplash/10.jpg]
[friendkit.cssninja.io/assets/img/demo/pages/posts/20.svg]
[friendkit.cssninja.io/assets/img/illustrations/questions/programming.svg]
[friendkit.cssninja.io/assets/img/illustrations/questions/programming-dark.svg]
[friendkit.cssninja.io/assets/img/illustrations/questions/reading.svg]
[friendkit.cssninja.io/assets/img/illustrations/questions/travel.svg]
[friendkit.cssninja.io/assets/img/illustrations/questions/gastronomy.svg]
[friendkit.cssninja.io/assets/img/illustrations/questions/lifestyle.svg]
[friendkit.cssninja.io/assets/img/illustrations/questions/mobile-apps.svg]
[friendkit.cssninja.io/assets/img/illustrations/questions/social-media.svg]
[friendkit.cssninja.io/assets/img/illustrations/questions/blogging.svg]
[friendkit.cssninja.io/assets/img/illustrations/questions/blogging-dark.svg]
[friendkit.cssninja.io/assets/img/illustrations/questions/automotive.svg]
[friendkit.cssninja.io/assets/img/illustrations/questions/business.svg]
[friendkit.cssninja.io/assets/img/illustrations/questions/shopping.svg]
[friendkit.cssninja.io/assets/img/illustrations/questions/wordpress.svg]
[friendkit.cssninja.io/assets/img/illustrations/questions/sports.svg]
[friendkit.cssninja.io/assets/img/illustrations/questions/movies.svg]
[friendkit.cssninja.io/assets/img/icons/questions/upvoted.svg]
[friendkit.cssninja.io/assets/img/icons/questions/upvoted-dark.svg]
[friendkit.cssninja.io/assets/img/icons/questions/accurate.svg]
[friendkit.cssninja.io/assets/img/icons/questions/accurate-dark.svg]
[friendkit.cssninja.io/assets/img/icons/questions/gunslinger.svg]
[friendkit.cssninja.io/assets/img/icons/questions/gunslinger-dark.svg]
[friendkit.cssninja.io/assets/img/icons/questions/rookie.svg]
[friendkit.cssninja.io/assets/img/icons/questions/rookie-dark.svg]
[friendkit.cssninja.io/assets/img/icons/questions/contributor.svg]
[friendkit.cssninja.io/assets/img/icons/questions/contributor-dark.svg]
[friendkit.cssninja.io/assets/img/icons/questions/assistance.svg]
[friendkit.cssninja.io/assets/img/icons/questions/assistance-dark.svg]
[friendkit.cssninja.io/assets/img/illustrations/settings/1.svg]
[friendkit.cssninja.io/assets/img/illustrations/settings/1-dark.svg]
[friendkit.cssninja.io/assets/img/illustrations/settings/2.svg]
[friendkit.cssninja.io/assets/img/illustrations/settings/3.svg]
[friendkit.cssninja.io/assets/img/illustrations/settings/3-dark.svg]
[friendkit.cssninja.io/assets/img/illustrations/settings/4.svg]
[friendkit.cssninja.io/assets/img/illustrations/settings/4-dark.svg]
[friendkit.cssninja.io/assets/img/illustrations/settings/5.svg]
[friendkit.cssninja.io/assets/img/illustrations/settings/5-dark.svg]
[friendkit.cssninja.io/assets/img/illustrations/settings/6.svg]
[friendkit.cssninja.io/assets/img/illustrations/settings/7.svg]
[friendkit.cssninja.io/assets/img/illustrations/settings/7-dark.svg]
[assets.adidas.com/img/w_600,h_600,f_auto,q_auto_sensitive,fl_lossy/51f290d6a0b64f44a969a97000cf5774_9366/Dress_Black_DX3689_22_model.gif]
